Archive member included to satisfy reference by file (symbol)

.\ARM_GCC_541\Debug\USB_Test.a(USBUART.o)
                              .\ARM_GCC_541\Debug\main.o (USBUART_Start)
.\ARM_GCC_541\Debug\USB_Test.a(USBUART_cdc.o)
                              .\ARM_GCC_541\Debug\main.o (USBUART_CDC_Init)
.\ARM_GCC_541\Debug\USB_Test.a(USBUART_drv.o)
                              .\ARM_GCC_541\Debug\USB_Test.a(USBUART.o) (USBUART_EP)
.\ARM_GCC_541\Debug\USB_Test.a(USBUART_episr.o)
                              .\ARM_GCC_541\Debug\USB_Test.a(USBUART.o) (USBUART_EP_1_ISR)
.\ARM_GCC_541\Debug\USB_Test.a(USBUART_pm.o)
                              .\ARM_GCC_541\Debug\USB_Test.a(USBUART.o) (USBUART_DP_ISR)
.\ARM_GCC_541\Debug\USB_Test.a(USBUART_std.o)
                              .\ARM_GCC_541\Debug\USB_Test.a(USBUART_drv.o) (USBUART_HandleStandardRqst)
.\ARM_GCC_541\Debug\USB_Test.a(USBUART_vnd.o)
                              .\ARM_GCC_541\Debug\USB_Test.a(USBUART_drv.o) (USBUART_HandleVendorRqst)
.\ARM_GCC_541\Debug\USB_Test.a(USBUART_Dp.o)
                              .\ARM_GCC_541\Debug\USB_Test.a(USBUART.o) (USBUART_Dp_ClearInterrupt)
.\ARM_GCC_541\Debug\USB_Test.a(CyLib.o)
                              .\ARM_GCC_541\Debug\Cm3Start.o (CyResetStatus)
.\ARM_GCC_541\Debug\USB_Test.a(cyPm.o)
                              .\ARM_GCC_541\Debug\USB_Test.a(CyLib.o) (CyPmReadStatus)
.\ARM_GCC_541\Debug\USB_Test.a(CyBootAsmGnu.o)
                              .\ARM_GCC_541\Debug\cyfitter_cfg.o (CyDelayCycles)
.\ARM_GCC_541\Debug\USB_Test.a(CyScBoostClk.o)
                              .\ARM_GCC_541\Debug\USB_Test.a(CyLib.o) (CyScBoostClk_Start)
.\ARM_GCC_541\Debug\USB_Test.a(USBUART_cls.o)
                              .\ARM_GCC_541\Debug\USB_Test.a(USBUART_drv.o) (USBUART_DispatchClassRqst)
.\ARM_GCC_541\Debug\USB_Test.a(USBUART_descr.o)
                              .\ARM_GCC_541\Debug\USB_Test.a(USBUART_std.o) (USBUART_DEVICE0_DESCR)
.\ARM_GCC_541\Debug\USB_Test.a(CyFlash.o)
                              .\ARM_GCC_541\Debug\USB_Test.a(cyPm.o) (CyFlash_SetWaitCycles)
.\ARM_GCC_541\Debug\USB_Test.a(CySpc.o)
                              .\ARM_GCC_541\Debug\USB_Test.a(CyFlash.o) (CySpcStart)
c:/program files (x86)/cypress/psoc creator/4.1/psoc creator/import/gnu/arm/5.4.1/bin/../lib/gcc/arm-none-eabi/5.4.1/../../../../arm-none-eabi/lib/armv7-m\libg_nano.a(lib_a-errno.o)
                              .\ARM_GCC_541\Debug\Cm3Start.o (__errno)
c:/program files (x86)/cypress/psoc creator/4.1/psoc creator/import/gnu/arm/5.4.1/bin/../lib/gcc/arm-none-eabi/5.4.1/../../../../arm-none-eabi/lib/armv7-m\libg_nano.a(lib_a-exit.o)
                              c:/program files (x86)/cypress/psoc creator/4.1/psoc creator/import/gnu/arm/5.4.1/bin/../lib/gcc/arm-none-eabi/5.4.1/../../../../arm-none-eabi/lib/armv7-m/crt0.o (exit)
c:/program files (x86)/cypress/psoc creator/4.1/psoc creator/import/gnu/arm/5.4.1/bin/../lib/gcc/arm-none-eabi/5.4.1/../../../../arm-none-eabi/lib/armv7-m\libg_nano.a(lib_a-impure.o)
                              c:/program files (x86)/cypress/psoc creator/4.1/psoc creator/import/gnu/arm/5.4.1/bin/../lib/gcc/arm-none-eabi/5.4.1/../../../../arm-none-eabi/lib/armv7-m\libg_nano.a(lib_a-exit.o) (_global_impure_ptr)
c:/program files (x86)/cypress/psoc creator/4.1/psoc creator/import/gnu/arm/5.4.1/bin/../lib/gcc/arm-none-eabi/5.4.1/../../../../arm-none-eabi/lib/armv7-m\libg_nano.a(lib_a-init.o)
                              c:/program files (x86)/cypress/psoc creator/4.1/psoc creator/import/gnu/arm/5.4.1/bin/../lib/gcc/arm-none-eabi/5.4.1/../../../../arm-none-eabi/lib/armv7-m/crt0.o (__libc_init_array)
c:/program files (x86)/cypress/psoc creator/4.1/psoc creator/import/gnu/arm/5.4.1/bin/../lib/gcc/arm-none-eabi/5.4.1/../../../../arm-none-eabi/lib/armv7-m\libg_nano.a(lib_a-memcpy-stub.o)
                              .\ARM_GCC_541\Debug\cyfitter_cfg.o (memcpy)
c:/program files (x86)/cypress/psoc creator/4.1/psoc creator/import/gnu/arm/5.4.1/bin/../lib/gcc/arm-none-eabi/5.4.1/../../../../arm-none-eabi/lib/armv7-m\libg_nano.a(lib_a-memset.o)
                              c:/program files (x86)/cypress/psoc creator/4.1/psoc creator/import/gnu/arm/5.4.1/bin/../lib/gcc/arm-none-eabi/5.4.1/../../../../arm-none-eabi/lib/armv7-m/crt0.o (memset)
c:/program files (x86)/cypress/psoc creator/4.1/psoc creator/import/gnu/arm/5.4.1/bin/../lib/gcc/arm-none-eabi/5.4.1/../../../../arm-none-eabi/lib/armv7-m\libg_nano.a(lib_a-sprintf.o)
                              .\ARM_GCC_541\Debug\main.o (sprintf)
c:/program files (x86)/cypress/psoc creator/4.1/psoc creator/import/gnu/arm/5.4.1/bin/../lib/gcc/arm-none-eabi/5.4.1/../../../../arm-none-eabi/lib/armv7-m\libg_nano.a(lib_a-nano-svfprintf.o)
                              c:/program files (x86)/cypress/psoc creator/4.1/psoc creator/import/gnu/arm/5.4.1/bin/../lib/gcc/arm-none-eabi/5.4.1/../../../../arm-none-eabi/lib/armv7-m\libg_nano.a(lib_a-sprintf.o) (_svfprintf_r)
[...]
Memory Configuration

Name             Origin             Length             Attributes
rom              0x00000000         0x00040000         xr
ram              0x1fff8000         0x00010000         xrw
*default*        0x00000000         0xffffffff

Linker script and memory map

LOAD c:/program files (x86)/cypress/psoc creator/4.1/psoc creator/import/gnu/arm/5.4.1/bin/../lib/gcc/arm-none-eabi/5.4.1/armv7-m/crti.o
LOAD c:/program files (x86)/cypress/psoc creator/4.1/psoc creator/import/gnu/arm/5.4.1/bin/../lib/gcc/arm-none-eabi/5.4.1/armv7-m/crtbegin.o
LOAD c:/program files (x86)/cypress/psoc creator/4.1/psoc creator/import/gnu/arm/5.4.1/bin/../lib/gcc/arm-none-eabi/5.4.1/../../../../arm-none-eabi/lib/armv7-m/crt0.o
START GROUP
LOAD .\ARM_GCC_541\Debug\main.o
LOAD .\ARM_GCC_541\Debug\cyfitter_cfg.o
LOAD .\ARM_GCC_541\Debug\cymetadata.o
LOAD .\ARM_GCC_541\Debug\Cm3Start.o
LOAD .\ARM_GCC_541\Debug\USB_Test.a
LOAD C:\Program Files (x86)\Cypress\PSoC Creator\4.1\PSoC Creator\psoc\content\cycomponentlibrary\CyComponentLibrary.cylib\CortexM3\ARM_GCC_541\Debug\CyComponentLibrary.a
END GROUP
START GROUP
LOAD c:/program files (x86)/cypress/psoc creator/4.1/psoc creator/import/gnu/arm/5.4.1/bin/../lib/gcc/arm-none-eabi/5.4.1/armv7-m\libgcc.a
LOAD c:/program files (x86)/cypress/psoc creator/4.1/psoc creator/import/gnu/arm/5.4.1/bin/../lib/gcc/arm-none-eabi/5.4.1/../../../../arm-none-eabi/lib/armv7-m\libg_nano.a
LOAD c:/program files (x86)/cypress/psoc creator/4.1/psoc creator/import/gnu/arm/5.4.1/bin/../lib/gcc/arm-none-eabi/5.4.1/../../../../arm-none-eabi/lib/armv7-m\libc_nano.a
END GROUP
START GROUP
LOAD c:/program files (x86)/cypress/psoc creator/4.1/psoc creator/import/gnu/arm/5.4.1/bin/../lib/gcc/arm-none-eabi/5.4.1/armv7-m\libgcc.a
LOAD c:/program files (x86)/cypress/psoc creator/4.1/psoc creator/import/gnu/arm/5.4.1/bin/../lib/gcc/arm-none-eabi/5.4.1/../../../../arm-none-eabi/lib/armv7-m\libc_nano.a
END GROUP
LOAD c:/program files (x86)/cypress/psoc creator/4.1/psoc creator/import/gnu/arm/5.4.1/bin/../lib/gcc/arm-none-eabi/5.4.1/armv7-m/crtend.o
LOAD c:/program files (x86)/cypress/psoc creator/4.1/psoc creator/import/gnu/arm/5.4.1/bin/../lib/gcc/arm-none-eabi/5.4.1/armv7-m/crtn.o
START GROUP
LOAD c:/program files (x86)/cypress/psoc creator/4.1/psoc creator/import/gnu/arm/5.4.1/bin/../lib/gcc/arm-none-eabi/5.4.1/armv7-m\libgcc.a
LOAD c:/program files (x86)/cypress/psoc creator/4.1/psoc creator/import/gnu/arm/5.4.1/bin/../lib/gcc/arm-none-eabi/5.4.1/../../../../arm-none-eabi/lib/armv7-m\libc.a
LOAD c:/program files (x86)/cypress/psoc creator/4.1/psoc creator/import/gnu/arm/5.4.1/bin/../lib/gcc/arm-none-eabi/5.4.1/../../../../arm-none-eabi/lib/armv7-m\libnosys.a
END GROUP
                0x00000000                CY_APPL_ORIGIN = 0x0
                0x00000100                CY_FLASH_ROW_SIZE = 0x100
                0x00000020                CY_ECC_ROW_SIZE = 0x20
                0x00000000                CY_EE_IN_BTLDR = 0x0
                0x00000000                CY_APPL_LOADABLE = 0x0
                0x00000800                CY_EE_SIZE = 0x800
                0x00000001                CY_APPL_NUM = 0x1
                0x00000001                CY_APPL_MAX = 0x1
                0x00000040                CY_METADATA_SIZE = 0x40
                0x00000000                CY_APPL_LOADABLE = 0x0
                0x00000000                CY_CHECKSUM_EXCLUDE_SIZE = ALIGN (0x0, CY_FLASH_ROW_SIZE)
                [!provide]                PROVIDE (__cy_heap_start, _end)
                0x00000001                PROVIDE (__cy_region_num, ((__cy_regions_end - __cy_regions) / 0x10))
                0x20008000                PROVIDE (__cy_stack, (ORIGIN (ram) + LENGTH (ram)))
                [!provide]                PROVIDE (__cy_heap_end, (__cy_stack - 0x800))

.cybootloader   0x00000000        0x0
 *(.cybootloader)
                0x00000000                appl1_start = CY_APPL_ORIGIN?CY_APPL_ORIGIN:ALIGN (CY_FLASH_ROW_SIZE)
                0x0001ff00                appl2_start = (appl1_start + ALIGN ((((LENGTH (rom) - appl1_start) - (0x2 * CY_FLASH_ROW_SIZE)) / 0x2), CY_FLASH_ROW_SIZE))
                0x00000000                appl_start = (CY_APPL_NUM == 0x1)?appl1_start:appl2_start
                0x00000000                ecc_offset = ((appl_start / CY_FLASH_ROW_SIZE) * CY_ECC_ROW_SIZE)
                0x00000000                ee_offset = (CY_APPL_LOADABLE && ! (CY_EE_IN_BTLDR))?((CY_EE_SIZE / CY_APPL_MAX) * (CY_APPL_NUM - 0x1)):0x0
                0x00000800                ee_size = (CY_APPL_LOADABLE && ! (CY_EE_IN_BTLDR))?(CY_EE_SIZE / CY_APPL_MAX):CY_EE_SIZE
                [!provide]                PROVIDE (CY_ECC_OFFSET, ecc_offset)

.text           0x00000000     0x3088
 CREATE_OBJECT_SYMBOLS
                0x00000000                PROVIDE (__cy_interrupt_vector, RomVectors)
 *(.romvectors)
 .romvectors    0x00000000       0x10 .\ARM_GCC_541\Debug\Cm3Start.o
                0x00000000                RomVectors
                0x00000001                ASSERT ((. != __cy_interrupt_vector), No interrupt vector)
                0x00000001                ASSERT (CY_APPL_ORIGIN?(SIZEOF (.cybootloader) <= CY_APPL_ORIGIN):0x1, Wrong image location)
                0x00000010                PROVIDE (__cy_reset, Reset)
 *(.text.Reset)
 .text.Reset    0x00000010       0x18 .\ARM_GCC_541\Debug\Cm3Start.o
                0x00000010                Reset
                0x00000001                ASSERT ((. != __cy_reset), No reset code)
 *(.dma_init)
                0x00000001                ASSERT ((((appl_start + .) <= 0x10000) || 0x1), DMA Init must be within the first 64k of flash)
 *(.text .text.* .gnu.linkonce.t.*)
 .text          0x00000028       0x5c c:/program files (x86)/cypress/psoc creator/4.1/psoc creator/import/gnu/arm/5.4.1/bin/../lib/gcc/arm-none-eabi/5.4.1/armv7-m/crtbegin.o
 .text.main     0x00000084       0x48 .\ARM_GCC_541\Debug\main.o
                0x00000084                main
 .text.CYMEMZERO
                0x000000cc       0x1c .\ARM_GCC_541\Debug\cyfitter_cfg.o
 .text.CYCONFIGCPY
                0x000000e8       0x20 .\ARM_GCC_541\Debug\cyfitter_cfg.o
 .text.CYCONFIGCPYCODE
                0x00000108       0x20 .\ARM_GCC_541\Debug\cyfitter_cfg.o
 .text.CyClockStartupError
                0x00000128        0xc .\ARM_GCC_541\Debug\cyfitter_cfg.o
 .text.cfg_write_bytes32
                0x00000134       0x74 .\ARM_GCC_541\Debug\cyfitter_cfg.o
 .text.ClockSetup
                0x000001a8       0xf0 .\ARM_GCC_541\Debug\cyfitter_cfg.o
 .text.AnalogSetDefault
                0x00000298       0x44 .\ARM_GCC_541\Debug\cyfitter_cfg.o
 .text.cyfitter_cfg
                0x000002dc      0x108 .\ARM_GCC_541\Debug\cyfitter_cfg.o
                0x000002dc                cyfitter_cfg
 .text.IntDefaultHandler
                0x000003e4       0x14 .\ARM_GCC_541\Debug\Cm3Start.o
                0x000003e4                IntDefaultHandler
 .text._sbrk    0x000003f8       0x50 .\ARM_GCC_541\Debug\Cm3Start.o
                0x000003f8                _sbrk
 .text.Start_c  0x00000448       0x98 .\ARM_GCC_541\Debug\Cm3Start.o
                0x00000448                Start_c
 .text.initialize_psoc
                0x000004e0       0x90 .\ARM_GCC_541\Debug\Cm3Start.o
                0x000004e0                initialize_psoc
 .text.USBUART_Start
                0x00000570       0x3c .\ARM_GCC_541\Debug\USB_Test.a(USBUART.o)
                0x00000570                USBUART_Start
 .text.USBUART_Init
                0x000005ac      0x1a4 .\ARM_GCC_541\Debug\USB_Test.a(USBUART.o)
                0x000005ac                USBUART_Init
 .text.USBUART_InitComponent
                0x00000750      0x100 .\ARM_GCC_541\Debug\USB_Test.a(USBUART.o)
                0x00000750                USBUART_InitComponent
 .text.USBUART_ReInitComponent
                0x00000850       0x68 .\ARM_GCC_541\Debug\USB_Test.a(USBUART.o)
                0x00000850                USBUART_ReInitComponent
 .text.USBUART_GetConfiguration
                0x000008b8       0x18 .\ARM_GCC_541\Debug\USB_Test.a(USBUART.o)
                0x000008b8                USBUART_GetConfiguration
 .text.USBUART_LoadInEP
                0x000008d0      0x108 .\ARM_GCC_541\Debug\USB_Test.a(USBUART.o)
                0x000008d0                USBUART_LoadInEP
 .text.USBUART_EnableOutEP
                0x000009d8       0x5c .\ARM_GCC_541\Debug\USB_Test.a(USBUART.o)
                0x000009d8                USBUART_EnableOutEP
 .text.USBUART_DispatchCDCClassRqst
                0x00000a34       0xe4 .\ARM_GCC_541\Debug\USB_Test.a(USBUART_cdc.o)
                0x00000a34                USBUART_DispatchCDCClassRqst
 .text.USBUART_GetInterfaceComPort
                0x00000b18       0x60 .\ARM_GCC_541\Debug\USB_Test.a(USBUART_cdc.o)
                0x00000b18                USBUART_GetInterfaceComPort
 .text.USBUART_CDC_Init
                0x00000b78       0xa8 .\ARM_GCC_541\Debug\USB_Test.a(USBUART_cdc.o)
                0x00000b78                USBUART_CDC_Init
 .text.USBUART_StrLen
                0x00000c20       0x2c .\ARM_GCC_541\Debug\USB_Test.a(USBUART_cdc.o)
 .text.USBUART_PutString
                0x00000c4c       0xdc .\ARM_GCC_541\Debug\USB_Test.a(USBUART_cdc.o)
                0x00000c4c                USBUART_PutString
 .text.USBUART_Cdc_EpInit
                0x00000d28       0x90 .\ARM_GCC_541\Debug\USB_Test.a(USBUART_cdc.o)
                0x00000d28                USBUART_Cdc_EpInit
 .text.USBUART_EP_0_ISR
                0x00000db8       0xf8 .\ARM_GCC_541\Debug\USB_Test.a(USBUART_drv.o)
                0x00000db8                USBUART_EP_0_ISR
 .text.USBUART_HandleSetup
                0x00000eb0       0x88 .\ARM_GCC_541\Debug\USB_Test.a(USBUART_drv.o)
                0x00000eb0                USBUART_HandleSetup
 .text.USBUART_HandleIN
                0x00000f38       0x4c .\ARM_GCC_541\Debug\USB_Test.a(USBUART_drv.o)
                0x00000f38                USBUART_HandleIN
 .text.USBUART_HandleOUT
                0x00000f84       0x58 .\ARM_GCC_541\Debug\USB_Test.a(USBUART_drv.o)
                0x00000f84                USBUART_HandleOUT
 .text.USBUART_LoadEP0
                0x00000fdc       0xd0 .\ARM_GCC_541\Debug\USB_Test.a(USBUART_drv.o)
                0x00000fdc                USBUART_LoadEP0
 .text.USBUART_InitControlRead
                0x000010ac       0x70 .\ARM_GCC_541\Debug\USB_Test.a(USBUART_drv.o)
                0x000010ac                USBUART_InitControlRead
 .text.USBUART_InitZeroLengthControlTransfer
                0x0000111c       0x40 .\ARM_GCC_541\Debug\USB_Test.a(USBUART_drv.o)
                0x0000111c                USBUART_InitZeroLengthControlTransfer
 .text.USBUART_ControlReadDataStage
                0x0000115c        0xc .\ARM_GCC_541\Debug\USB_Test.a(USBUART_drv.o)
                0x0000115c                USBUART_ControlReadDataStage
 .text.USBUART_ControlReadStatusStage
                0x00001168       0x40 .\ARM_GCC_541\Debug\USB_Test.a(USBUART_drv.o)
                0x00001168                USBUART_ControlReadStatusStage
 .text.USBUART_InitControlWrite
                0x000011a8       0x64 .\ARM_GCC_541\Debug\USB_Test.a(USBUART_drv.o)
                0x000011a8                USBUART_InitControlWrite
 .text.USBUART_ControlWriteDataStage
                0x0000120c       0xb4 .\ARM_GCC_541\Debug\USB_Test.a(USBUART_drv.o)
                0x0000120c                USBUART_ControlWriteDataStage
 .text.USBUART_ControlWriteStatusStage
                0x000012c0       0x24 .\ARM_GCC_541\Debug\USB_Test.a(USBUART_drv.o)
                0x000012c0                USBUART_ControlWriteStatusStage
 .text.USBUART_InitNoDataControlTransfer
                0x000012e4       0x38 .\ARM_GCC_541\Debug\USB_Test.a(USBUART_drv.o)
                0x000012e4                USBUART_InitNoDataControlTransfer
 .text.USBUART_NoDataControlStatusStage
                0x0000131c       0x4c .\ARM_GCC_541\Debug\USB_Test.a(USBUART_drv.o)
                0x0000131c                USBUART_NoDataControlStatusStage
 .text.USBUART_UpdateStatusBlock
                0x00001368       0x40 .\ARM_GCC_541\Debug\USB_Test.a(USBUART_drv.o)
                0x00001368                USBUART_UpdateStatusBlock
 .text.USBUART_InitializeStatusBlock
                0x000013a8       0x34 .\ARM_GCC_541\Debug\USB_Test.a(USBUART_drv.o)
                0x000013a8                USBUART_InitializeStatusBlock
 .text.USBUART_EP_1_ISR
                0x000013dc       0x48 .\ARM_GCC_541\Debug\USB_Test.a(USBUART_episr.o)
                0x000013dc                USBUART_EP_1_ISR
 .text.USBUART_EP_2_ISR
                0x00001424       0x4c .\ARM_GCC_541\Debug\USB_Test.a(USBUART_episr.o)
                0x00001424                USBUART_EP_2_ISR
 .text.USBUART_EP_3_ISR
                0x00001470       0x54 .\ARM_GCC_541\Debug\USB_Test.a(USBUART_episr.o)
                0x00001470                USBUART_EP_3_ISR
 .text.USBUART_SOF_ISR
                0x000014c4        0xc .\ARM_GCC_541\Debug\USB_Test.a(USBUART_episr.o)
                0x000014c4                USBUART_SOF_ISR
 .text.USBUART_BUS_RESET_ISR
                0x000014d0        0xc .\ARM_GCC_541\Debug\USB_Test.a(USBUART_episr.o)
                0x000014d0                USBUART_BUS_RESET_ISR
 .text.USBUART_DP_ISR
                0x000014dc        0xc .\ARM_GCC_541\Debug\USB_Test.a(USBUART_pm.o)
                0x000014dc                USBUART_DP_ISR
 .text.USBUART_HandleStandardRqst
                0x000014e8      0x494 .\ARM_GCC_541\Debug\USB_Test.a(USBUART_std.o)
                0x000014e8                USBUART_HandleStandardRqst
 .text.USBUART_ReadDieID
                0x0000197c       0xd8 .\ARM_GCC_541\Debug\USB_Test.a(USBUART_std.o)
                0x0000197c                USBUART_ReadDieID
 .text.USBUART_ConfigReg
                0x00001a54      0x138 .\ARM_GCC_541\Debug\USB_Test.a(USBUART_std.o)
                0x00001a54                USBUART_ConfigReg
 .text.USBUART_Config
                0x00001b8c      0x3b4 .\ARM_GCC_541\Debug\USB_Test.a(USBUART_std.o)
                0x00001b8c                USBUART_Config
 .text.USBUART_ConfigAltChanged
                0x00001f40      0x25c .\ARM_GCC_541\Debug\USB_Test.a(USBUART_std.o)
                0x00001f40                USBUART_ConfigAltChanged
 .text.USBUART_GetConfigTablePtr
                0x0000219c       0x50 .\ARM_GCC_541\Debug\USB_Test.a(USBUART_std.o)
                0x0000219c                USBUART_GetConfigTablePtr
 .text.USBUART_GetDeviceTablePtr
                0x000021ec       0x24 .\ARM_GCC_541\Debug\USB_Test.a(USBUART_std.o)
                0x000021ec                USBUART_GetDeviceTablePtr
 .text.USBUART_GetInterfaceClassTablePtr
                0x00002210       0x4c .\ARM_GCC_541\Debug\USB_Test.a(USBUART_std.o)
                0x00002210                USBUART_GetInterfaceClassTablePtr
 .text.USBUART_SetEndpointHalt
                0x0000225c       0xe8 .\ARM_GCC_541\Debug\USB_Test.a(USBUART_std.o)
                0x0000225c                USBUART_SetEndpointHalt
 .text.USBUART_ClearEndpointHalt
                0x00002344      0x148 .\ARM_GCC_541\Debug\USB_Test.a(USBUART_std.o)
                0x00002344                USBUART_ClearEndpointHalt
 .text.USBUART_ValidateAlternateSetting
                0x0000248c       0x70 .\ARM_GCC_541\Debug\USB_Test.a(USBUART_std.o)
                0x0000248c                USBUART_ValidateAlternateSetting
 .text.USBUART_HandleVendorRqst
                0x000024fc       0x34 .\ARM_GCC_541\Debug\USB_Test.a(USBUART_vnd.o)
                0x000024fc                USBUART_HandleVendorRqst
 .text.USBUART_Dp_ClearInterrupt
                0x00002530       0x20 .\ARM_GCC_541\Debug\USB_Test.a(USBUART_Dp.o)
                0x00002530                USBUART_Dp_ClearInterrupt
 .text.CyHalt   0x00002550       0x18 .\ARM_GCC_541\Debug\USB_Test.a(CyLib.o)
                0x00002550                CyHalt
 .text.CyDelayUs
                0x00002568       0x28 .\ARM_GCC_541\Debug\USB_Test.a(CyLib.o)
                0x00002568                CyDelayUs
 .text.CyIntSetVector
                0x00002590       0x50 .\ARM_GCC_541\Debug\USB_Test.a(CyLib.o)
                0x00002590                CyIntSetVector
 .text.CyIntSetPriority
                0x000025e0       0x48 .\ARM_GCC_541\Debug\USB_Test.a(CyLib.o)
                0x000025e0                CyIntSetPriority
 .text.CyGetUniqueId
                0x00002628       0xc4 .\ARM_GCC_541\Debug\USB_Test.a(CyLib.o)
                0x00002628                CyGetUniqueId
 *fill*         0x000026ec        0x4 
 .text          0x000026f0       0x54 .\ARM_GCC_541\Debug\USB_Test.a(CyBootAsmGnu.o)
                0x000026f0                CyDelayCycles
                0x0000272e                CyEnterCriticalSection
                0x00002736                CyExitCriticalSection
 .text.USBUART_DispatchClassRqst
                0x00002744       0x7c .\ARM_GCC_541\Debug\USB_Test.a(USBUART_cls.o)
                0x00002744                USBUART_DispatchClassRqst
 .text.__errno  0x000027c0        0xc c:/program files (x86)/cypress/psoc creator/4.1/psoc creator/import/gnu/arm/5.4.1/bin/../lib/gcc/arm-none-eabi/5.4.1/../../../../arm-none-eabi/lib/armv7-m\libg_nano.a(lib_a-errno.o)
                0x000027c0                __errno
 .text.__libc_init_array
                0x000027cc       0x4c c:/program files (x86)/cypress/psoc creator/4.1/psoc creator/import/gnu/arm/5.4.1/bin/../lib/gcc/arm-none-eabi/5.4.1/../../../../arm-none-eabi/lib/armv7-m\libg_nano.a(lib_a-init.o)
                0x000027cc                __libc_init_array
 .text.memcpy   0x00002818       0x16 c:/program files (x86)/cypress/psoc creator/4.1/psoc creator/import/gnu/arm/5.4.1/bin/../lib/gcc/arm-none-eabi/5.4.1/../../../../arm-none-eabi/lib/armv7-m\libg_nano.a(lib_a-memcpy-stub.o)
                0x00002818                memcpy
 .text.memset   0x0000282e       0x10 c:/program files (x86)/cypress/psoc creator/4.1/psoc creator/import/gnu/arm/5.4.1/bin/../lib/gcc/arm-none-eabi/5.4.1/../../../../arm-none-eabi/lib/armv7-m\libg_nano.a(lib_a-memset.o)
                0x0000282e                memset
 *fill*         0x0000283e        0x2 
 .text.sprintf  0x00002840       0x48 c:/program files (x86)/cypress/psoc creator/4.1/psoc creator/import/gnu/arm/5.4.1/bin/../lib/gcc/arm-none-eabi/5.4.1/../../../../arm-none-eabi/lib/armv7-m\libg_nano.a(lib_a-sprintf.o)
                0x00002840                siprintf
                0x00002840                sprintf
 .text.__ssputs_r
                0x00002888       0xb2 c:/program files (x86)/cypress/psoc creator/4.1/psoc creator/import/gnu/arm/5.4.1/bin/../lib/gcc/arm-none-eabi/5.4.1/../../../../arm-none-eabi/lib/armv7-m\libg_nano.a(lib_a-nano-svfprintf.o)
                0x00002888                __ssputs_r
 *fill*         0x0000293a        0x2 
 .text._svfprintf_r
                0x0000293c      0x1e8 c:/program files (x86)/cypress/psoc creator/4.1/psoc creator/import/gnu/arm/5.4.1/bin/../lib/gcc/arm-none-eabi/5.4.1/../../../../arm-none-eabi/lib/armv7-m\libg_nano.a(lib_a-nano-svfprintf.o)
                0x0000293c                _svfiprintf_r
                0x0000293c                _svfprintf_r
 .text._printf_common
                0x00002b24       0xec c:/program files (x86)/cypress/psoc creator/4.1/psoc creator/import/gnu/arm/5.4.1/bin/../lib/gcc/arm-none-eabi/5.4.1/../../../../arm-none-eabi/lib/armv7-m\libg_nano.a(lib_a-nano-vfprintf_i.o)
                0x00002b24                _printf_common
 .text._printf_i
                0x00002c10      0x24c c:/program files (x86)/cypress/psoc creator/4.1/psoc creator/import/gnu/arm/5.4.1/bin/../lib/gcc/arm-none-eabi/5.4.1/../../../../arm-none-eabi/lib/armv7-m\libg_nano.a(lib_a-nano-vfprintf_i.o)
                0x00002c10                _printf_i
 .text.memchr   0x00002e5c       0x1c c:/program files (x86)/cypress/psoc creator/4.1/psoc creator/import/gnu/arm/5.4.1/bin/../lib/gcc/arm-none-eabi/5.4.1/../../../../arm-none-eabi/lib/armv7-m\libg_nano.a(lib_a-memchr-stub.o)
                0x00002e5c                memchr
 .text.memmove  0x00002e78       0x36 c:/program files (x86)/cypress/psoc creator/4.1/psoc creator/import/gnu/arm/5.4.1/bin/../lib/gcc/arm-none-eabi/5.4.1/../../../../arm-none-eabi/lib/armv7-m\libg_nano.a(lib_a-memmove.o)
                0x00002e78                memmove
 *fill*         0x00002eae        0x2 
 .text._free_r  0x00002eb0       0x98 c:/program files (x86)/cypress/psoc creator/4.1/psoc creator/import/gnu/arm/5.4.1/bin/../lib/gcc/arm-none-eabi/5.4.1/../../../../arm-none-eabi/lib/armv7-m\libg_nano.a(lib_a-nano-freer.o)
                0x00002eb0                _free_r
 .text._malloc_r
                0x00002f48       0xbc c:/program files (x86)/cypress/psoc creator/4.1/psoc creator/import/gnu/arm/5.4.1/bin/../lib/gcc/arm-none-eabi/5.4.1/../../../../arm-none-eabi/lib/armv7-m\libg_nano.a(lib_a-nano-mallocr.o)
                0x00002f48                _malloc_r
 .text._realloc_r
                0x00003004       0x4c c:/program files (x86)/cypress/psoc creator/4.1/psoc creator/import/gnu/arm/5.4.1/bin/../lib/gcc/arm-none-eabi/5.4.1/../../../../arm-none-eabi/lib/armv7-m\libg_nano.a(lib_a-nano-reallocr.o)
                0x00003004                _realloc_r
 .text._sbrk_r  0x00003050       0x20 c:/program files (x86)/cypress/psoc creator/4.1/psoc creator/import/gnu/arm/5.4.1/bin/../lib/gcc/arm-none-eabi/5.4.1/../../../../arm-none-eabi/lib/armv7-m\libg_nano.a(lib_a-sbrkr.o)
                0x00003050                _sbrk_r
 .text.__malloc_lock
                0x00003070        0x2 c:/program files (x86)/cypress/psoc creator/4.1/psoc creator/import/gnu/arm/5.4.1/bin/../lib/gcc/arm-none-eabi/5.4.1/../../../../arm-none-eabi/lib/armv7-m\libg_nano.a(lib_a-mlock.o)
                0x00003070                __malloc_lock
 .text.__malloc_unlock
                0x00003072        0x2 c:/program files (x86)/cypress/psoc creator/4.1/psoc creator/import/gnu/arm/5.4.1/bin/../lib/gcc/arm-none-eabi/5.4.1/../../../../arm-none-eabi/lib/armv7-m\libg_nano.a(lib_a-mlock.o)
                0x00003072                __malloc_unlock
 .text._malloc_usable_size_r
                0x00003074       0x14 c:/program files (x86)/cypress/psoc creator/4.1/psoc creator/import/gnu/arm/5.4.1/bin/../lib/gcc/arm-none-eabi/5.4.1/../../../../arm-none-eabi/lib/armv7-m\libg_nano.a(lib_a-nano-msizer.o)
                0x00003074                _malloc_usable_size_r
 *(.plt)
 *(.gnu.warning)
 *(.glue_7t)
 .glue_7t       0x00003088        0x0 linker stubs
 *(.glue_7)
 .glue_7        0x00003088        0x0 linker stubs
 *(.vfp11_veneer)
 .vfp11_veneer  0x00003088        0x0 linker stubs
 *(.bootloader)
 *(.ARM.extab* .gnu.linkonce.armextab.*)
 *(.gcc_except_table)

.v4_bx          0x00003088        0x0
 .v4_bx         0x00003088        0x0 linker stubs

.iplt           0x00003088        0x0
 .iplt          0x00003088        0x0 c:/program files (x86)/cypress/psoc creator/4.1/psoc creator/import/gnu/arm/5.4.1/bin/../lib/gcc/arm-none-eabi/5.4.1/armv7-m/crtbegin.o

.eh_frame_hdr
 *(.eh_frame_hdr)

.eh_frame       0x00003088        0x4
 *(.eh_frame)
 .eh_frame      0x00003088        0x0 c:/program files (x86)/cypress/psoc creator/4.1/psoc creator/import/gnu/arm/5.4.1/bin/../lib/gcc/arm-none-eabi/5.4.1/armv7-m/crtbegin.o
 .eh_frame      0x00003088        0x4 c:/program files (x86)/cypress/psoc creator/4.1/psoc creator/import/gnu/arm/5.4.1/bin/../lib/gcc/arm-none-eabi/5.4.1/armv7-m/crtend.o
                [!provide]                PROVIDE (__exidx_start, .)

.ARM.exidx
 *(.ARM.exidx* .gnu.linkonce.armexidx.*)
                0x0000308c                __exidx_end = .

.rodata         0x0000308c      0x2ac
 *(.rodata .rodata.* .gnu.linkonce.r.*)
 .rodata        0x0000308c        0xd .\ARM_GCC_541\Debug\main.o
 *fill*         0x00003099        0x3 
 .rodata        0x0000309c       0xb8 .\ARM_GCC_541\Debug\cyfitter_cfg.o
 .rodata        0x00003154       0x11 .\ARM_GCC_541\Debug\USB_Test.a(USBUART_std.o)
 *fill*         0x00003165        0x3 
 .rodata        0x00003168      0x160 .\ARM_GCC_541\Debug\USB_Test.a(USBUART_descr.o)
                0x00003168                USBUART_DEVICE0_DESCR
                0x0000317c                USBUART_DEVICE0_CONFIGURATION0_DESCR
                0x000031c0                USBUART_STRING_DESCRIPTORS
                0x00003260                USBUART_SN_STRING_DESCRIPTOR
                0x00003264                USBUART_DEVICE0_CONFIGURATION0_EP_SETTINGS_TABLE
                0x0000327c                USBUART_DEVICE0_CONFIGURATION0_INTERFACE_CLASS
                0x00003280                USBUART_DEVICE0_CONFIGURATION0_TABLE
                0x000032a8                USBUART_DEVICE0_TABLE
                0x000032c0                USBUART_TABLE
 .rodata.str1.1
                0x000032c8        0x2 c:/program files (x86)/cypress/psoc creator/4.1/psoc creator/import/gnu/arm/5.4.1/bin/../lib/gcc/arm-none-eabi/5.4.1/../../../../arm-none-eabi/lib/armv7-m\libg_nano.a(lib_a-impure.o)
 .rodata.str1.1
                0x000032ca       0x11 c:/program files (x86)/cypress/psoc creator/4.1/psoc creator/import/gnu/arm/5.4.1/bin/../lib/gcc/arm-none-eabi/5.4.1/../../../../arm-none-eabi/lib/armv7-m\libg_nano.a(lib_a-nano-svfprintf.o)
 .rodata.str1.1
                0x000032db       0x22 c:/program files (x86)/cypress/psoc creator/4.1/psoc creator/import/gnu/arm/5.4.1/bin/../lib/gcc/arm-none-eabi/5.4.1/../../../../arm-none-eabi/lib/armv7-m\libg_nano.a(lib_a-nano-vfprintf_i.o)
                0x00003300                . = ALIGN (0x4)
 *fill*         0x000032fd        0x3 
 *(.init)
 .init          0x00003300        0x4 c:/program files (x86)/cypress/psoc creator/4.1/psoc creator/import/gnu/arm/5.4.1/bin/../lib/gcc/arm-none-eabi/5.4.1/armv7-m/crti.o
                0x00003300                _init
 .init          0x00003304        0x8 c:/program files (x86)/cypress/psoc creator/4.1/psoc creator/import/gnu/arm/5.4.1/bin/../lib/gcc/arm-none-eabi/5.4.1/armv7-m/crtn.o
                0x0000330c                . = ALIGN (0x4)
                0x0000330c                __preinit_array_start = .
 *(.preinit_array)
                0x0000330c                __preinit_array_end = .
                0x0000330c                . = ALIGN (0x4)
                0x0000330c                __init_array_start = .
 *(SORT(.init_array.*))
 *(.init_array)
 .init_array    0x0000330c        0x4 c:/program files (x86)/cypress/psoc creator/4.1/psoc creator/import/gnu/arm/5.4.1/bin/../lib/gcc/arm-none-eabi/5.4.1/armv7-m/crtbegin.o
 .init_array    0x00003310        0x4 .\ARM_GCC_541\Debug\Cm3Start.o
                0x00003314                __init_array_end = .
                0x00003314                . = ALIGN (0x4)
 *(.fini)
 .fini          0x00003314        0x4 c:/program files (x86)/cypress/psoc creator/4.1/psoc creator/import/gnu/arm/5.4.1/bin/../lib/gcc/arm-none-eabi/5.4.1/armv7-m/crti.o
                0x00003314                _fini
 .fini          0x00003318        0x8 c:/program files (x86)/cypress/psoc creator/4.1/psoc creator/import/gnu/arm/5.4.1/bin/../lib/gcc/arm-none-eabi/5.4.1/armv7-m/crtn.o
                0x00003320                . = ALIGN (0x4)
                0x00003320                __fini_array_start = .
 *(.fini_array)
 .fini_array    0x00003320        0x4 c:/program files (x86)/cypress/psoc creator/4.1/psoc creator/import/gnu/arm/5.4.1/bin/../lib/gcc/arm-none-eabi/5.4.1/armv7-m/crtbegin.o
 *(SORT(.fini_array.*))
                0x00003324                __fini_array_end = .
                0x00003324                . = ALIGN (0x4)
 *crtbegin.o(.ctors)
 *(EXCLUDE_FILE(*crtend.o) .ctors)
 *(SORT(.ctors.*))
 *crtend.o(.ctors)
                0x00003324                . = ALIGN (0x4)
 *crtbegin.o(.dtors)
 *(EXCLUDE_FILE(*crtend.o) .dtors)
 *(SORT(.dtors.*))
 *crtend.o(.dtors)
                0x00003324                . = ALIGN (0x4)
                0x00003324                __cy_regions = .
                0x00003324        0x4 LONG 0x3338 __cy_region_init_ram
                0x00003328        0x4 LONG 0x1fff80c8 __cy_region_start_data
                0x0000332c        0x4 LONG 0x98 __cy_region_init_size_ram
                0x00003330        0x4 LONG 0x108 __cy_region_zero_size_ram
                0x00003334                __cy_regions_end = .
                0x00003338                . = ALIGN (0x8)
 *fill*         0x00003334        0x4 
                0x00003338                _etext = .

.cy_checksum_exclude
                0x00003338        0x0
 *(.cy_checksum_exclude)

.ramvectors     0x1fff8000       0xc0
                0x1fff8000                __cy_region_start_ram = .
 *(.ramvectors)
 .ramvectors    0x1fff8000       0xc0 .\ARM_GCC_541\Debug\Cm3Start.o
                0x1fff8000                CyRamVectors

.noinit         0x1fff80c0        0x5
 *(.noinit)
 .noinit        0x1fff80c0        0x4 .\ARM_GCC_541\Debug\Cm3Start.o
 .noinit        0x1fff80c4        0x1 .\ARM_GCC_541\Debug\USB_Test.a(CyLib.o)
                0x1fff80c4                CyResetStatus

.data           0x1fff80c8       0x98 load address 0x00003338
                0x1fff80c8                __cy_region_start_data = .
 *(.jcr)
 .jcr           0x1fff80c8        0x0 c:/program files (x86)/cypress/psoc creator/4.1/psoc creator/import/gnu/arm/5.4.1/bin/../lib/gcc/arm-none-eabi/5.4.1/armv7-m/crtbegin.o
 .jcr           0x1fff80c8        0x4 c:/program files (x86)/cypress/psoc creator/4.1/psoc creator/import/gnu/arm/5.4.1/bin/../lib/gcc/arm-none-eabi/5.4.1/armv7-m/crtend.o
 *(.got.plt)
 *(.got)
 *(.shdata)
 *(.data .data.* .gnu.linkonce.d.*)
 .data          0x1fff80cc        0x4 .\ARM_GCC_541\Debug\Cm3Start.o
 .data          0x1fff80d0       0x1a .\ARM_GCC_541\Debug\USB_Test.a(USBUART_cdc.o)
                0x1fff80d0                USBUART_linesCoding
 *fill*         0x1fff80ea        0x2 
 .data          0x1fff80ec       0x10 .\ARM_GCC_541\Debug\USB_Test.a(CyLib.o)
                0x1fff80ec                cydelay_freq_hz
                0x1fff80f0                cydelay_freq_khz
                0x1fff80f4                cydelay_freq_mhz
                0x1fff80f8                cydelay_32k_ms
 .data.impure_data
                0x1fff80fc       0x60 c:/program files (x86)/cypress/psoc creator/4.1/psoc creator/import/gnu/arm/5.4.1/bin/../lib/gcc/arm-none-eabi/5.4.1/../../../../arm-none-eabi/lib/armv7-m\libg_nano.a(lib_a-impure.o)
 .data._impure_ptr
                0x1fff815c        0x4 c:/program files (x86)/cypress/psoc creator/4.1/psoc creator/import/gnu/arm/5.4.1/bin/../lib/gcc/arm-none-eabi/5.4.1/../../../../arm-none-eabi/lib/armv7-m\libg_nano.a(lib_a-impure.o)
                0x1fff815c                _impure_ptr
                0x1fff8160                . = ALIGN (0x8)
 *(.ram)
                0x1fff8160                _edata = .

.igot.plt       0x1fff8160        0x0 load address 0x000033d0
 .igot.plt      0x1fff8160        0x0 c:/program files (x86)/cypress/psoc creator/4.1/psoc creator/import/gnu/arm/5.4.1/bin/../lib/gcc/arm-none-eabi/5.4.1/armv7-m/crtbegin.o

.bss            0x1fff8160      0x108 load address 0x000033d0
                0x1fff8160                PROVIDE (__bss_start__, .)
 *(.shbss)
 *(.bss .bss.* .gnu.linkonce.b.*)
 .bss           0x1fff8160       0x1c c:/program files (x86)/cypress/psoc creator/4.1/psoc creator/import/gnu/arm/5.4.1/bin/../lib/gcc/arm-none-eabi/5.4.1/armv7-m/crtbegin.o
 .bss           0x1fff817c        0x1 .\ARM_GCC_541\Debug\USB_Test.a(USBUART.o)
                0x1fff817c                USBUART_initVar
 .bss           0x1fff817d        0x1 .\ARM_GCC_541\Debug\USB_Test.a(USBUART_cdc.o)
 *fill*         0x1fff817e        0x2 
 .bss           0x1fff8180        0x2 .\ARM_GCC_541\Debug\USB_Test.a(USBUART_std.o)
 *fill*         0x1fff8182        0x2 
 .bss.__malloc_sbrk_start
                0x1fff8184        0x4 c:/program files (x86)/cypress/psoc creator/4.1/psoc creator/import/gnu/arm/5.4.1/bin/../lib/gcc/arm-none-eabi/5.4.1/../../../../arm-none-eabi/lib/armv7-m\libg_nano.a(lib_a-nano-mallocr.o)
                0x1fff8184                __malloc_sbrk_start
 .bss.__malloc_free_list
                0x1fff8188        0x4 c:/program files (x86)/cypress/psoc creator/4.1/psoc creator/import/gnu/arm/5.4.1/bin/../lib/gcc/arm-none-eabi/5.4.1/../../../../arm-none-eabi/lib/armv7-m\libg_nano.a(lib_a-nano-mallocr.o)
                0x1fff8188                __malloc_free_list
 *(COMMON)
 COMMON         0x1fff818c       0x18 .\ARM_GCC_541\Debug\USB_Test.a(USBUART_cdc.o)
                0x1fff818c                USBUART_linesChanged
                0x1fff8190                USBUART_cdcDataInEp
                0x1fff8194                USBUART_cdcCommInInterruptEp
                0x1fff8198                USBUART_cdcDataOutEp
                0x1fff819c                USBUART_serialStateBitmap
                0x1fff81a0                USBUART_linesControlBitmap
 COMMON         0x1fff81a4       0x9a .\ARM_GCC_541\Debug\USB_Test.a(USBUART_drv.o)
                0x1fff81a4                USBUART_lastPacketSize
                0x1fff81a5                USBUART_device
                0x1fff81a6                USBUART_transferByteCount
                0x1fff81a8                USBUART_transferState
                0x1fff81ac                USBUART_interfaceSettingLast
                0x1fff81b0                USBUART_currentTD
                0x1fff81bc                USBUART_interfaceNumber
                0x1fff81c0                USBUART_interfaceClass
                0x1fff81c4                USBUART_configurationChanged
                0x1fff81c5                USBUART_ep0Mode
                0x1fff81c6                USBUART_deviceAddress
                0x1fff81c7                USBUART_configuration
                0x1fff81c8                USBUART_ep0Count
                0x1fff81c9                USBUART_deviceStatus
                0x1fff81cc                USBUART_EP
                0x1fff8238                USBUART_interfaceSetting
                0x1fff823a                USBUART_ep0Toggle
                0x1fff823c                USBUART_interfaceStatus
 *fill*         0x1fff823e        0x2 
 COMMON         0x1fff8240       0x22 .\ARM_GCC_541\Debug\USB_Test.a(USBUART_descr.o)
                0x1fff8240                USBUART_idSerialNumberStringDescriptor
 *fill*         0x1fff8262        0x2 
 COMMON         0x1fff8264        0x4 c:/program files (x86)/cypress/psoc creator/4.1/psoc creator/import/gnu/arm/5.4.1/bin/../lib/gcc/arm-none-eabi/5.4.1/../../../../arm-none-eabi/lib/armv7-m\libg_nano.a(lib_a-reent.o)
                0x1fff8264                errno
                0x1fff8268                . = ALIGN (0x8)
 *(.ram.b)
                0x1fff8268                _end = .
                0x1fff8268                __end = .
                0x1fff8268                PROVIDE (end, .)
                0x1fff8268                PROVIDE (__bss_end__, .)
                0x00003338                __cy_region_init_ram = LOADADDR (.data)
                0x00000098                __cy_region_init_size_ram = (_edata - ADDR (.data))
                0x00000108                __cy_region_zero_size_ram = (_end - _edata)

.heap           0x1fff8268       0x80 load address 0x000033d0
                0x1fff8268                . = _end
                0x1fff82e8                . = (. + 0x80)
 *fill*         0x1fff8268       0x80 
                0x1fff82e8                __cy_heap_limit = .

.stack          0x20007800      0x800
                0x20007800                __cy_stack_limit = .
                0x20008000                . = (. + 0x800)
 *fill*         0x20007800      0x800 
                0x00000001                ASSERT ((__cy_stack_limit >= __cy_heap_limit), region RAM overflowed with stack)
                0x00000000                cy_checksum_exclude_size = (CY_APPL_LOADABLE == 0x1)?SIZEOF (.cy_checksum_exclude):0x0
                0x00000001                ASSERT ((cy_checksum_exclude_size <= CY_CHECKSUM_EXCLUDE_SIZE), CY_BOOT: Section .cy_checksum_exclude size exceedes specified limit.)

.cyloadermeta
 *(.cyloadermeta)

.cyloadablemeta
 *(.cyloadablemeta)

.cyconfigecc    0x80000000        0x1
 *(.cyconfigecc)
 .cyconfigecc   0x80000000        0x1 .\ARM_GCC_541\Debug\cymetadata.o
                0x80000000                cy_meta_configecc

.cycustnvl      0x90000000        0x4
 *(.cycustnvl)
 .cycustnvl     0x90000000        0x4 .\ARM_GCC_541\Debug\cymetadata.o
                0x90000000                cy_meta_custnvl

.cywolatch      0x90100000        0x4
 *(.cywolatch)
 .cywolatch     0x90100000        0x4 .\ARM_GCC_541\Debug\cymetadata.o
                0x90100000                cy_meta_wonvl

.cyeeprom       0x90200000        0x0
 *(.cyeeprom)
                0x00000001                ASSERT ((. <= ((0x90200000 + ee_offset) + ee_size)), .cyeeprom data will not fit in EEPROM)

.cyflashprotect
                0x90400000      0x100
 *(.cyflashprotect)
 .cyflashprotect
                0x90400000      0x100 .\ARM_GCC_541\Debug\cymetadata.o
                0x90400000                cy_meta_flashprotect

.cymeta         0x90500000        0xc
 *(.cymeta)
 .cymeta        0x90500000        0xc .\ARM_GCC_541\Debug\cymetadata.o
                0x90500000                cy_metadata

.rel.dyn        0x000033d0        0x0 load address 0x9050000c
 .rel.iplt      0x000033d0        0x0 c:/program files (x86)/cypress/psoc creator/4.1/psoc creator/import/gnu/arm/5.4.1/bin/../lib/gcc/arm-none-eabi/5.4.1/armv7-m/crtbegin.o

.stab
 *(.stab)

.stabstr
 *(.stabstr)

.debug
 *(.debug)

.line
 *(.line)

.debug_srcinfo
 *(.debug_srcinfo)

.debug_sfnames
 *(.debug_sfnames)

.debug_aranges  0x00000000      0x9a8
 *(.debug_aranges)
 .debug_aranges
                0x00000000       0x20 .\ARM_GCC_541\Debug\main.o
 .debug_aranges
                0x00000020       0x60 .\ARM_GCC_541\Debug\cyfitter_cfg.o
 .debug_aranges
                0x00000080       0x18 .\ARM_GCC_541\Debug\cymetadata.o
 .debug_aranges
                0x00000098       0x48 .\ARM_GCC_541\Debug\Cm3Start.o
 .debug_aranges
                0x000000e0       0xc8 .\ARM_GCC_541\Debug\USB_Test.a(USBUART.o)
 .debug_aranges
                0x000001a8       0xe8 .\ARM_GCC_541\Debug\USB_Test.a(USBUART_cdc.o)
 .debug_aranges
                0x00000290       0x98 .\ARM_GCC_541\Debug\USB_Test.a(USBUART_drv.o)
 .debug_aranges
                0x00000328       0x40 .\ARM_GCC_541\Debug\USB_Test.a(USBUART_episr.o)
 .debug_aranges
                0x00000368       0x40 .\ARM_GCC_541\Debug\USB_Test.a(USBUART_pm.o)
 .debug_aranges
                0x000003a8       0x80 .\ARM_GCC_541\Debug\USB_Test.a(USBUART_std.o)
 .debug_aranges
                0x00000428       0x20 .\ARM_GCC_541\Debug\USB_Test.a(USBUART_vnd.o)
 .debug_aranges
                0x00000448       0x48 .\ARM_GCC_541\Debug\USB_Test.a(USBUART_Dp.o)
 .debug_aranges
                0x00000490      0x2a8 .\ARM_GCC_541\Debug\USB_Test.a(CyLib.o)
 .debug_aranges
                0x00000738       0x98 .\ARM_GCC_541\Debug\USB_Test.a(cyPm.o)
 .debug_aranges
                0x000007d0       0x20 .\ARM_GCC_541\Debug\USB_Test.a(CyBootAsmGnu.o)
 .debug_aranges
                0x000007f0       0x80 .\ARM_GCC_541\Debug\USB_Test.a(CyScBoostClk.o)
 .debug_aranges
                0x00000870       0x20 .\ARM_GCC_541\Debug\USB_Test.a(USBUART_cls.o)
 .debug_aranges
                0x00000890       0x18 .\ARM_GCC_541\Debug\USB_Test.a(USBUART_descr.o)
 .debug_aranges
                0x000008a8       0x88 .\ARM_GCC_541\Debug\USB_Test.a(CyFlash.o)
 .debug_aranges
                0x00000930       0x78 .\ARM_GCC_541\Debug\USB_Test.a(CySpc.o)

.debug_pubnames
 *(.debug_pubnames)

.debug_info     0x00000000     0x527a
 *(.debug_info .gnu.linkonce.wi.*)
 .debug_info    0x00000000      0x109 .\ARM_GCC_541\Debug\main.o
 .debug_info    0x00000109      0x47c .\ARM_GCC_541\Debug\cyfitter_cfg.o
 .debug_info    0x00000585      0x134 .\ARM_GCC_541\Debug\cymetadata.o
 .debug_info    0x000006b9      0x32b .\ARM_GCC_541\Debug\Cm3Start.o
 .debug_info    0x000009e4      0x717 .\ARM_GCC_541\Debug\USB_Test.a(USBUART.o)
 .debug_info    0x000010fb      0x924 .\ARM_GCC_541\Debug\USB_Test.a(USBUART_cdc.o)
 .debug_info    0x00001a1f      0x52d .\ARM_GCC_541\Debug\USB_Test.a(USBUART_drv.o)
 .debug_info    0x00001f4c      0x23b .\ARM_GCC_541\Debug\USB_Test.a(USBUART_episr.o)
 .debug_info    0x00002187      0x18d .\ARM_GCC_541\Debug\USB_Test.a(USBUART_pm.o)
 .debug_info    0x00002314      0x951 .\ARM_GCC_541\Debug\USB_Test.a(USBUART_std.o)
 .debug_info    0x00002c65       0xef .\ARM_GCC_541\Debug\USB_Test.a(USBUART_vnd.o)
 .debug_info    0x00002d54      0x171 .\ARM_GCC_541\Debug\USB_Test.a(USBUART_Dp.o)
 .debug_info    0x00002ec5      0xe88 .\ARM_GCC_541\Debug\USB_Test.a(CyLib.o)
 .debug_info    0x00003d4d      0x57a .\ARM_GCC_541\Debug\USB_Test.a(cyPm.o)
 .debug_info    0x000042c7       0x8d .\ARM_GCC_541\Debug\USB_Test.a(CyBootAsmGnu.o)
 .debug_info    0x00004354      0x299 .\ARM_GCC_541\Debug\USB_Test.a(CyScBoostClk.o)
 .debug_info    0x000045ed      0x1c8 .\ARM_GCC_541\Debug\USB_Test.a(USBUART_cls.o)
 .debug_info    0x000047b5      0x2a3 .\ARM_GCC_541\Debug\USB_Test.a(USBUART_descr.o)
 .debug_info    0x00004a58      0x3c8 .\ARM_GCC_541\Debug\USB_Test.a(CyFlash.o)
 .debug_info    0x00004e20      0x45a .\ARM_GCC_541\Debug\USB_Test.a(CySpc.o)

.debug_abbrev   0x00000000     0x1777
 *(.debug_abbrev)
 .debug_abbrev  0x00000000       0x99 .\ARM_GCC_541\Debug\main.o
 .debug_abbrev  0x00000099      0x19f .\ARM_GCC_541\Debug\cyfitter_cfg.o
 .debug_abbrev  0x00000238       0x5d .\ARM_GCC_541\Debug\cymetadata.o
 .debug_abbrev  0x00000295      0x1d6 .\ARM_GCC_541\Debug\Cm3Start.o
 .debug_abbrev  0x0000046b      0x1f3 .\ARM_GCC_541\Debug\USB_Test.a(USBUART.o)
 .debug_abbrev  0x0000065e      0x233 .\ARM_GCC_541\Debug\USB_Test.a(USBUART_cdc.o)
 .debug_abbrev  0x00000891      0x161 .\ARM_GCC_541\Debug\USB_Test.a(USBUART_drv.o)
 .debug_abbrev  0x000009f2       0xfd .\ARM_GCC_541\Debug\USB_Test.a(USBUART_episr.o)
 .debug_abbrev  0x00000aef       0xd1 .\ARM_GCC_541\Debug\USB_Test.a(USBUART_pm.o)
 .debug_abbrev  0x00000bc0      0x1c2 .\ARM_GCC_541\Debug\USB_Test.a(USBUART_std.o)
 .debug_abbrev  0x00000d82       0x9b .\ARM_GCC_541\Debug\USB_Test.a(USBUART_vnd.o)
 .debug_abbrev  0x00000e1d       0x90 .\ARM_GCC_541\Debug\USB_Test.a(USBUART_Dp.o)
 .debug_abbrev  0x00000ead      0x217 .\ARM_GCC_541\Debug\USB_Test.a(CyLib.o)
 .debug_abbrev  0x000010c4      0x161 .\ARM_GCC_541\Debug\USB_Test.a(cyPm.o)
 .debug_abbrev  0x00001225       0x14 .\ARM_GCC_541\Debug\USB_Test.a(CyBootAsmGnu.o)
 .debug_abbrev  0x00001239      0x11d .\ARM_GCC_541\Debug\USB_Test.a(CyScBoostClk.o)
 .debug_abbrev  0x00001356       0xc5 .\ARM_GCC_541\Debug\USB_Test.a(USBUART_cls.o)
 .debug_abbrev  0x0000141b       0xb4 .\ARM_GCC_541\Debug\USB_Test.a(USBUART_descr.o)
 .debug_abbrev  0x000014cf      0x13c .\ARM_GCC_541\Debug\USB_Test.a(CyFlash.o)
 .debug_abbrev  0x0000160b      0x16c .\ARM_GCC_541\Debug\USB_Test.a(CySpc.o)

.debug_line     0x00000000     0x2a15
 *(.debug_line)
 .debug_line    0x00000000      0x184 .\ARM_GCC_541\Debug\main.o
 .debug_line    0x00000184      0x1ee .\ARM_GCC_541\Debug\cyfitter_cfg.o
 .debug_line    0x00000372      0x141 .\ARM_GCC_541\Debug\cymetadata.o
 .debug_line    0x000004b3      0x1dc .\ARM_GCC_541\Debug\Cm3Start.o
 .debug_line    0x0000068f      0x307 .\ARM_GCC_541\Debug\USB_Test.a(USBUART.o)
 .debug_line    0x00000996      0x30c .\ARM_GCC_541\Debug\USB_Test.a(USBUART_cdc.o)
 .debug_line    0x00000ca2      0x21f .\ARM_GCC_541\Debug\USB_Test.a(USBUART_drv.o)
 .debug_line    0x00000ec1       0xf2 .\ARM_GCC_541\Debug\USB_Test.a(USBUART_episr.o)
 .debug_line    0x00000fb3       0xe6 .\ARM_GCC_541\Debug\USB_Test.a(USBUART_pm.o)
 .debug_line    0x00001099      0x475 .\ARM_GCC_541\Debug\USB_Test.a(USBUART_std.o)
 .debug_line    0x0000150e       0x79 .\ARM_GCC_541\Debug\USB_Test.a(USBUART_vnd.o)
 .debug_line    0x00001587       0xbf .\ARM_GCC_541\Debug\USB_Test.a(USBUART_Dp.o)
 .debug_line    0x00001646      0x8b5 .\ARM_GCC_541\Debug\USB_Test.a(CyLib.o)
 .debug_line    0x00001efb      0x38e .\ARM_GCC_541\Debug\USB_Test.a(cyPm.o)
 .debug_line    0x00002289       0x7d .\ARM_GCC_541\Debug\USB_Test.a(CyBootAsmGnu.o)
 .debug_line    0x00002306      0x1cf .\ARM_GCC_541\Debug\USB_Test.a(CyScBoostClk.o)
 .debug_line    0x000024d5       0x95 .\ARM_GCC_541\Debug\USB_Test.a(USBUART_cls.o)
 .debug_line    0x0000256a       0x61 .\ARM_GCC_541\Debug\USB_Test.a(USBUART_descr.o)
 .debug_line    0x000025cb      0x218 .\ARM_GCC_541\Debug\USB_Test.a(CyFlash.o)
 .debug_line    0x000027e3      0x232 .\ARM_GCC_541\Debug\USB_Test.a(CySpc.o)

.debug_frame    0x00000000     0x2994
 *(.debug_frame)
 .debug_frame   0x00000000       0x30 .\ARM_GCC_541\Debug\main.o
 .debug_frame   0x00000030      0x16c .\ARM_GCC_541\Debug\cyfitter_cfg.o
 .debug_frame   0x0000019c       0xd8 .\ARM_GCC_541\Debug\Cm3Start.o
 .debug_frame   0x00000274      0x37c .\ARM_GCC_541\Debug\USB_Test.a(USBUART.o)
 .debug_frame   0x000005f0      0x3ec .\ARM_GCC_541\Debug\USB_Test.a(USBUART_cdc.o)
 .debug_frame   0x000009dc      0x23c .\ARM_GCC_541\Debug\USB_Test.a(USBUART_drv.o)
 .debug_frame   0x00000c18       0xbc .\ARM_GCC_541\Debug\USB_Test.a(USBUART_episr.o)
 .debug_frame   0x00000cd4       0xbc .\ARM_GCC_541\Debug\USB_Test.a(USBUART_pm.o)
 .debug_frame   0x00000d90      0x224 .\ARM_GCC_541\Debug\USB_Test.a(USBUART_std.o)
 .debug_frame   0x00000fb4       0x38 .\ARM_GCC_541\Debug\USB_Test.a(USBUART_vnd.o)
 .debug_frame   0x00000fec       0xf4 .\ARM_GCC_541\Debug\USB_Test.a(USBUART_Dp.o)
 .debug_frame   0x000010e0      0xc34 .\ARM_GCC_541\Debug\USB_Test.a(CyLib.o)
 .debug_frame   0x00001d14      0x234 .\ARM_GCC_541\Debug\USB_Test.a(cyPm.o)
 .debug_frame   0x00001f48      0x200 .\ARM_GCC_541\Debug\USB_Test.a(CyScBoostClk.o)
 .debug_frame   0x00002148       0x38 .\ARM_GCC_541\Debug\USB_Test.a(USBUART_cls.o)
 .debug_frame   0x00002180      0x238 .\ARM_GCC_541\Debug\USB_Test.a(CyFlash.o)
 .debug_frame   0x000023b8      0x1f8 .\ARM_GCC_541\Debug\USB_Test.a(CySpc.o)
 .debug_frame   0x000025b0       0x20 c:/program files (x86)/cypress/psoc creator/4.1/psoc creator/import/gnu/arm/5.4.1/bin/../lib/gcc/arm-none-eabi/5.4.1/../../../../arm-none-eabi/lib/armv7-m\libg_nano.a(lib_a-errno.o)
 .debug_frame   0x000025d0       0x28 c:/program files (x86)/cypress/psoc creator/4.1/psoc creator/import/gnu/arm/5.4.1/bin/../lib/gcc/arm-none-eabi/5.4.1/../../../../arm-none-eabi/lib/armv7-m\libg_nano.a(lib_a-exit.o)
 .debug_frame   0x000025f8       0x2c c:/program files (x86)/cypress/psoc creator/4.1/psoc creator/import/gnu/arm/5.4.1/bin/../lib/gcc/arm-none-eabi/5.4.1/../../../../arm-none-eabi/lib/armv7-m\libg_nano.a(lib_a-init.o)
 .debug_frame   0x00002624       0x28 c:/program files (x86)/cypress/psoc creator/4.1/psoc creator/import/gnu/arm/5.4.1/bin/../lib/gcc/arm-none-eabi/5.4.1/../../../../arm-none-eabi/lib/armv7-m\libg_nano.a(lib_a-memcpy-stub.o)
 .debug_frame   0x0000264c       0x20 c:/program files (x86)/cypress/psoc creator/4.1/psoc creator/import/gnu/arm/5.4.1/bin/../lib/gcc/arm-none-eabi/5.4.1/../../../../arm-none-eabi/lib/armv7-m\libg_nano.a(lib_a-memset.o)
 .debug_frame   0x0000266c       0x70 c:/program files (x86)/cypress/psoc creator/4.1/psoc creator/import/gnu/arm/5.4.1/bin/../lib/gcc/arm-none-eabi/5.4.1/../../../../arm-none-eabi/lib/armv7-m\libg_nano.a(lib_a-sprintf.o)
 .debug_frame   0x000026dc       0x90 c:/program files (x86)/cypress/psoc creator/4.1/psoc creator/import/gnu/arm/5.4.1/bin/../lib/gcc/arm-none-eabi/5.4.1/../../../../arm-none-eabi/lib/armv7-m\libg_nano.a(lib_a-nano-svfprintf.o)
 .debug_frame   0x0000276c       0x60 c:/program files (x86)/cypress/psoc creator/4.1/psoc creator/import/gnu/arm/5.4.1/bin/../lib/gcc/arm-none-eabi/5.4.1/../../../../arm-none-eabi/lib/armv7-m\libg_nano.a(lib_a-nano-vfprintf_i.o)
 .debug_frame   0x000027cc       0x28 c:/program files (x86)/cypress/psoc creator/4.1/psoc creator/import/gnu/arm/5.4.1/bin/../lib/gcc/arm-none-eabi/5.4.1/../../../../arm-none-eabi/lib/armv7-m\libg_nano.a(lib_a-memchr-stub.o)
 .debug_frame   0x000027f4       0x28 c:/program files (x86)/cypress/psoc creator/4.1/psoc creator/import/gnu/arm/5.4.1/bin/../lib/gcc/arm-none-eabi/5.4.1/../../../../arm-none-eabi/lib/armv7-m\libg_nano.a(lib_a-memmove.o)
 .debug_frame   0x0000281c       0x38 c:/program files (x86)/cypress/psoc creator/4.1/psoc creator/import/gnu/arm/5.4.1/bin/../lib/gcc/arm-none-eabi/5.4.1/../../../../arm-none-eabi/lib/armv7-m\libg_nano.a(lib_a-nano-freer.o)
 .debug_frame   0x00002854       0x2c c:/program files (x86)/cypress/psoc creator/4.1/psoc creator/import/gnu/arm/5.4.1/bin/../lib/gcc/arm-none-eabi/5.4.1/../../../../arm-none-eabi/lib/armv7-m\libg_nano.a(lib_a-nano-mallocr.o)
 .debug_frame   0x00002880       0x3c c:/program files (x86)/cypress/psoc creator/4.1/psoc creator/import/gnu/arm/5.4.1/bin/../lib/gcc/arm-none-eabi/5.4.1/../../../../arm-none-eabi/lib/armv7-m\libg_nano.a(lib_a-nano-reallocr.o)
 .debug_frame   0x000028bc       0x2c c:/program files (x86)/cypress/psoc creator/4.1/psoc creator/import/gnu/arm/5.4.1/bin/../lib/gcc/arm-none-eabi/5.4.1/../../../../arm-none-eabi/lib/armv7-m\libg_nano.a(lib_a-sbrkr.o)
 .debug_frame   0x000028e8       0x30 c:/program files (x86)/cypress/psoc creator/4.1/psoc creator/import/gnu/arm/5.4.1/bin/../lib/gcc/arm-none-eabi/5.4.1/../../../../arm-none-eabi/lib/armv7-m\libg_nano.a(lib_a-mlock.o)
 .debug_frame   0x00002918       0x20 c:/program files (x86)/cypress/psoc creator/4.1/psoc creator/import/gnu/arm/5.4.1/bin/../lib/gcc/arm-none-eabi/5.4.1/../../../../arm-none-eabi/lib/armv7-m\libg_nano.a(lib_a-nano-msizer.o)
 .debug_frame   0x00002938       0x5c c:/program files (x86)/cypress/psoc creator/4.1/psoc creator/import/gnu/arm/5.4.1/bin/../lib/gcc/arm-none-eabi/5.4.1/../../../../arm-none-eabi/lib/armv7-m\libg_nano.a(lib_a-reent.o)

.debug_str      0x00000000     0x268f
 *(.debug_str)
 .debug_str     0x00000000      0x16e .\ARM_GCC_541\Debug\main.o
                                0x1bc (size before relaxing)
 .debug_str     0x0000016e      0x1dc .\ARM_GCC_541\Debug\cyfitter_cfg.o
                                0x377 (size before relaxing)
 .debug_str     0x0000034a       0x7f .\ARM_GCC_541\Debug\cymetadata.o
                                0x1e1 (size before relaxing)
 .debug_str     0x000003c9      0x123 .\ARM_GCC_541\Debug\Cm3Start.o
                                0x2d4 (size before relaxing)
 .debug_str     0x000004ec      0x434 .\ARM_GCC_541\Debug\USB_Test.a(USBUART.o)
                                0x5e8 (size before relaxing)
 .debug_str     0x00000920      0x4df .\ARM_GCC_541\Debug\USB_Test.a(USBUART_cdc.o)
                                0x717 (size before relaxing)
 .debug_str     0x00000dff      0x296 .\ARM_GCC_541\Debug\USB_Test.a(USBUART_drv.o)
                                0x5f7 (size before relaxing)
 .debug_str     0x00001095       0x80 .\ARM_GCC_541\Debug\USB_Test.a(USBUART_episr.o)
                                0x2c4 (size before relaxing)
 .debug_str     0x00001115       0xac .\ARM_GCC_541\Debug\USB_Test.a(USBUART_pm.o)
                                0x268 (size before relaxing)
 .debug_str     0x000011c1      0x2a3 .\ARM_GCC_541\Debug\USB_Test.a(USBUART_std.o)
                                0x73f (size before relaxing)
 .debug_str     0x00001464       0x3e .\ARM_GCC_541\Debug\USB_Test.a(USBUART_vnd.o)
                                0x1ea (size before relaxing)
 .debug_str     0x000014a2       0xbe .\ARM_GCC_541\Debug\USB_Test.a(USBUART_Dp.o)
                                0x23e (size before relaxing)
 .debug_str     0x00001560      0x81c .\ARM_GCC_541\Debug\USB_Test.a(CyLib.o)
                                0xa0b (size before relaxing)
 .debug_str     0x00001d7c      0x371 .\ARM_GCC_541\Debug\USB_Test.a(cyPm.o)
                                0x540 (size before relaxing)
 .debug_str     0x000020ed      0x1e3 .\ARM_GCC_541\Debug\USB_Test.a(CyScBoostClk.o)
                                0x36c (size before relaxing)
 .debug_str     0x000022d0       0x3f .\ARM_GCC_541\Debug\USB_Test.a(USBUART_cls.o)
                                0x28c (size before relaxing)
 .debug_str     0x0000230f      0x104 .\ARM_GCC_541\Debug\USB_Test.a(USBUART_descr.o)
                                0x356 (size before relaxing)
 .debug_str     0x00002413      0x15d .\ARM_GCC_541\Debug\USB_Test.a(CyFlash.o)
                                0x30b (size before relaxing)
 .debug_str     0x00002570      0x11f .\ARM_GCC_541\Debug\USB_Test.a(CySpc.o)
                                0x2f0 (size before relaxing)

.debug_loc
 *(.debug_loc)

.debug_macinfo
 *(.debug_macinfo)

.debug_ranges   0x00000000      0x848
 *(.debug_ranges)
 .debug_ranges  0x00000000       0x10 .\ARM_GCC_541\Debug\main.o
 .debug_ranges  0x00000010       0x50 .\ARM_GCC_541\Debug\cyfitter_cfg.o
 .debug_ranges  0x00000060       0x38 .\ARM_GCC_541\Debug\Cm3Start.o
 .debug_ranges  0x00000098       0xb8 .\ARM_GCC_541\Debug\USB_Test.a(USBUART.o)
 .debug_ranges  0x00000150       0xd8 .\ARM_GCC_541\Debug\USB_Test.a(USBUART_cdc.o)
 .debug_ranges  0x00000228       0x88 .\ARM_GCC_541\Debug\USB_Test.a(USBUART_drv.o)
 .debug_ranges  0x000002b0       0x30 .\ARM_GCC_541\Debug\USB_Test.a(USBUART_episr.o)
 .debug_ranges  0x000002e0       0x30 .\ARM_GCC_541\Debug\USB_Test.a(USBUART_pm.o)
 .debug_ranges  0x00000310       0x70 .\ARM_GCC_541\Debug\USB_Test.a(USBUART_std.o)
 .debug_ranges  0x00000380       0x10 .\ARM_GCC_541\Debug\USB_Test.a(USBUART_vnd.o)
 .debug_ranges  0x00000390       0x38 .\ARM_GCC_541\Debug\USB_Test.a(USBUART_Dp.o)
 .debug_ranges  0x000003c8      0x298 .\ARM_GCC_541\Debug\USB_Test.a(CyLib.o)
 .debug_ranges  0x00000660       0x88 .\ARM_GCC_541\Debug\USB_Test.a(cyPm.o)
 .debug_ranges  0x000006e8       0x70 .\ARM_GCC_541\Debug\USB_Test.a(CyScBoostClk.o)
 .debug_ranges  0x00000758       0x10 .\ARM_GCC_541\Debug\USB_Test.a(USBUART_cls.o)
 .debug_ranges  0x00000768       0x78 .\ARM_GCC_541\Debug\USB_Test.a(CyFlash.o)
 .debug_ranges  0x000007e0       0x68 .\ARM_GCC_541\Debug\USB_Test.a(CySpc.o)

.comment        0x00000000       0x6e
 .comment       0x00000000       0x6e .\ARM_GCC_541\Debug\main.o
                                 0x6f (size before relaxing)
 .comment       0x0000006e       0x6f .\ARM_GCC_541\Debug\cyfitter_cfg.o
 .comment       0x0000006e       0x6f .\ARM_GCC_541\Debug\cymetadata.o
 .comment       0x0000006e       0x6f .\ARM_GCC_541\Debug\Cm3Start.o
 .comment       0x0000006e       0x6f .\ARM_GCC_541\Debug\USB_Test.a(USBUART.o)
 .comment       0x0000006e       0x6f .\ARM_GCC_541\Debug\USB_Test.a(USBUART_cdc.o)
 .comment       0x0000006e       0x6f .\ARM_GCC_541\Debug\USB_Test.a(USBUART_drv.o)
 .comment       0x0000006e       0x6f .\ARM_GCC_541\Debug\USB_Test.a(USBUART_episr.o)
 .comment       0x0000006e       0x6f .\ARM_GCC_541\Debug\USB_Test.a(USBUART_pm.o)
 .comment       0x0000006e       0x6f .\ARM_GCC_541\Debug\USB_Test.a(USBUART_std.o)
 .comment       0x0000006e       0x6f .\ARM_GCC_541\Debug\USB_Test.a(USBUART_vnd.o)
 .comment       0x0000006e       0x6f .\ARM_GCC_541\Debug\USB_Test.a(USBUART_Dp.o)
 .comment       0x0000006e       0x6f .\ARM_GCC_541\Debug\USB_Test.a(CyLib.o)
 .comment       0x0000006e       0x6f .\ARM_GCC_541\Debug\USB_Test.a(cyPm.o)
 .comment       0x0000006e       0x6f .\ARM_GCC_541\Debug\USB_Test.a(CyScBoostClk.o)
 .comment       0x0000006e       0x6f .\ARM_GCC_541\Debug\USB_Test.a(USBUART_cls.o)
 .comment       0x0000006e       0x6f .\ARM_GCC_541\Debug\USB_Test.a(USBUART_descr.o)
 .comment       0x0000006e       0x6f .\ARM_GCC_541\Debug\USB_Test.a(CyFlash.o)
 .comment       0x0000006e       0x6f .\ARM_GCC_541\Debug\USB_Test.a(CySpc.o)

.debug_weaknames
 *(.debug_weaknames)

.debug_funcnames
 *(.debug_funcnames)

.debug_typenames
 *(.debug_typenames)

.debug_varnames
 *(.debug_varnames)

.note.gnu.arm.ident
 *(.note.gnu.arm.ident)

.ARM.attributes
                0x00000000       0x29
 *(.ARM.attributes)
 .ARM.attributes
                0x00000000       0x1d c:/program files (x86)/cypress/psoc creator/4.1/psoc creator/import/gnu/arm/5.4.1/bin/../lib/gcc/arm-none-eabi/5.4.1/armv7-m/crti.o
 .ARM.attributes
                0x0000001d       0x2d c:/program files (x86)/cypress/psoc creator/4.1/psoc creator/import/gnu/arm/5.4.1/bin/../lib/gcc/arm-none-eabi/5.4.1/armv7-m/crtbegin.o
 .ARM.attributes
                0x0000004a       0x1b c:/program files (x86)/cypress/psoc creator/4.1/psoc creator/import/gnu/arm/5.4.1/bin/../lib/gcc/arm-none-eabi/5.4.1/../../../../arm-none-eabi/lib/armv7-m/crt0.o
 .ARM.attributes
                0x00000065       0x33 .\ARM_GCC_541\Debug\main.o
 .ARM.attributes
                0x00000098       0x33 .\ARM_GCC_541\Debug\cyfitter_cfg.o
 .ARM.attributes
                0x000000cb       0x33 .\ARM_GCC_541\Debug\cymetadata.o
 .ARM.attributes
                0x000000fe       0x33 .\ARM_GCC_541\Debug\Cm3Start.o
 .ARM.attributes
                0x00000131       0x33 .\ARM_GCC_541\Debug\USB_Test.a(USBUART.o)
 .ARM.attributes
                0x00000164       0x33 .\ARM_GCC_541\Debug\USB_Test.a(USBUART_cdc.o)
 .ARM.attributes
                0x00000197       0x33 .\ARM_GCC_541\Debug\USB_Test.a(USBUART_drv.o)
 .ARM.attributes
                0x000001ca       0x33 .\ARM_GCC_541\Debug\USB_Test.a(USBUART_episr.o)
 .ARM.attributes
                0x000001fd       0x33 .\ARM_GCC_541\Debug\USB_Test.a(USBUART_pm.o)
 .ARM.attributes
                0x00000230       0x33 .\ARM_GCC_541\Debug\USB_Test.a(USBUART_std.o)
 .ARM.attributes
                0x00000263       0x33 .\ARM_GCC_541\Debug\USB_Test.a(USBUART_vnd.o)
 .ARM.attributes
                0x00000296       0x33 .\ARM_GCC_541\Debug\USB_Test.a(USBUART_Dp.o)
 .ARM.attributes
                0x000002c9       0x33 .\ARM_GCC_541\Debug\USB_Test.a(CyLib.o)
 .ARM.attributes
                0x000002fc       0x33 .\ARM_GCC_541\Debug\USB_Test.a(cyPm.o)
 .ARM.attributes
                0x0000032f       0x21 .\ARM_GCC_541\Debug\USB_Test.a(CyBootAsmGnu.o)
 .ARM.attributes
                0x00000350       0x33 .\ARM_GCC_541\Debug\USB_Test.a(CyScBoostClk.o)
 .ARM.attributes
                0x00000383       0x33 .\ARM_GCC_541\Debug\USB_Test.a(USBUART_cls.o)
 .ARM.attributes
                0x000003b6       0x33 .\ARM_GCC_541\Debug\USB_Test.a(USBUART_descr.o)
 .ARM.attributes
                0x000003e9       0x33 .\ARM_GCC_541\Debug\USB_Test.a(CyFlash.o)
 .ARM.attributes
                0x0000041c       0x33 .\ARM_GCC_541\Debug\USB_Test.a(CySpc.o)
 .ARM.attributes
                0x0000044f       0x2d c:/program files (x86)/cypress/psoc creator/4.1/psoc creator/import/gnu/arm/5.4.1/bin/../lib/gcc/arm-none-eabi/5.4.1/../../../../arm-none-eabi/lib/armv7-m\libg_nano.a(lib_a-errno.o)
 .ARM.attributes
                0x0000047c       0x2d c:/program files (x86)/cypress/psoc creator/4.1/psoc creator/import/gnu/arm/5.4.1/bin/../lib/gcc/arm-none-eabi/5.4.1/../../../../arm-none-eabi/lib/armv7-m\libg_nano.a(lib_a-exit.o)
 .ARM.attributes
                0x000004a9       0x2d c:/program files (x86)/cypress/psoc creator/4.1/psoc creator/import/gnu/arm/5.4.1/bin/../lib/gcc/arm-none-eabi/5.4.1/../../../../arm-none-eabi/lib/armv7-m\libg_nano.a(lib_a-impure.o)
 .ARM.attributes
                0x000004d6       0x2d c:/program files (x86)/cypress/psoc creator/4.1/psoc creator/import/gnu/arm/5.4.1/bin/../lib/gcc/arm-none-eabi/5.4.1/../../../../arm-none-eabi/lib/armv7-m\libg_nano.a(lib_a-init.o)
 .ARM.attributes
                0x00000503       0x2d c:/program files (x86)/cypress/psoc creator/4.1/psoc creator/import/gnu/arm/5.4.1/bin/../lib/gcc/arm-none-eabi/5.4.1/../../../../arm-none-eabi/lib/armv7-m\libg_nano.a(lib_a-memcpy-stub.o)
 .ARM.attributes
                0x00000530       0x2d c:/program files (x86)/cypress/psoc creator/4.1/psoc creator/import/gnu/arm/5.4.1/bin/../lib/gcc/arm-none-eabi/5.4.1/../../../../arm-none-eabi/lib/armv7-m\libg_nano.a(lib_a-memset.o)
 .ARM.attributes
                0x0000055d       0x2d c:/program files (x86)/cypress/psoc creator/4.1/psoc creator/import/gnu/arm/5.4.1/bin/../lib/gcc/arm-none-eabi/5.4.1/../../../../arm-none-eabi/lib/armv7-m\libg_nano.a(lib_a-sprintf.o)
 .ARM.attributes
                0x0000058a       0x2d c:/program files (x86)/cypress/psoc creator/4.1/psoc creator/import/gnu/arm/5.4.1/bin/../lib/gcc/arm-none-eabi/5.4.1/../../../../arm-none-eabi/lib/armv7-m\libg_nano.a(lib_a-nano-svfprintf.o)
 .ARM.attributes
                0x000005b7       0x2d c:/program files (x86)/cypress/psoc creator/4.1/psoc creator/import/gnu/arm/5.4.1/bin/../lib/gcc/arm-none-eabi/5.4.1/../../../../arm-none-eabi/lib/armv7-m\libg_nano.a(lib_a-nano-vfprintf_i.o)
 .ARM.attributes
                0x000005e4       0x2d c:/program files (x86)/cypress/psoc creator/4.1/psoc creator/import/gnu/arm/5.4.1/bin/../lib/gcc/arm-none-eabi/5.4.1/../../../../arm-none-eabi/lib/armv7-m\libg_nano.a(lib_a-memchr-stub.o)
 .ARM.attributes
                0x00000611       0x2d c:/program files (x86)/cypress/psoc creator/4.1/psoc creator/import/gnu/arm/5.4.1/bin/../lib/gcc/arm-none-eabi/5.4.1/../../../../arm-none-eabi/lib/armv7-m\libg_nano.a(lib_a-memmove.o)
 .ARM.attributes
                0x0000063e       0x2d c:/program files (x86)/cypress/psoc creator/4.1/psoc creator/import/gnu/arm/5.4.1/bin/../lib/gcc/arm-none-eabi/5.4.1/../../../../arm-none-eabi/lib/armv7-m\libg_nano.a(lib_a-nano-freer.o)
 .ARM.attributes
                0x0000066b       0x2d c:/program files (x86)/cypress/psoc creator/4.1/psoc creator/import/gnu/arm/5.4.1/bin/../lib/gcc/arm-none-eabi/5.4.1/../../../../arm-none-eabi/lib/armv7-m\libg_nano.a(lib_a-nano-mallocr.o)
 .ARM.attributes
                0x00000698       0x2d c:/program files (x86)/cypress/psoc creator/4.1/psoc creator/import/gnu/arm/5.4.1/bin/../lib/gcc/arm-none-eabi/5.4.1/../../../../arm-none-eabi/lib/armv7-m\libg_nano.a(lib_a-nano-reallocr.o)
 .ARM.attributes
                0x000006c5       0x2d c:/program files (x86)/cypress/psoc creator/4.1/psoc creator/import/gnu/arm/5.4.1/bin/../lib/gcc/arm-none-eabi/5.4.1/../../../../arm-none-eabi/lib/armv7-m\libg_nano.a(lib_a-sbrkr.o)
 .ARM.attributes
                0x000006f2       0x2d c:/program files (x86)/cypress/psoc creator/4.1/psoc creator/import/gnu/arm/5.4.1/bin/../lib/gcc/arm-none-eabi/5.4.1/../../../../arm-none-eabi/lib/armv7-m\libg_nano.a(lib_a-mlock.o)
 .ARM.attributes
                0x0000071f       0x2d c:/program files (x86)/cypress/psoc creator/4.1/psoc creator/import/gnu/arm/5.4.1/bin/../lib/gcc/arm-none-eabi/5.4.1/../../../../arm-none-eabi/lib/armv7-m\libg_nano.a(lib_a-nano-msizer.o)
 .ARM.attributes
                0x0000074c       0x2d c:/program files (x86)/cypress/psoc creator/4.1/psoc creator/import/gnu/arm/5.4.1/bin/../lib/gcc/arm-none-eabi/5.4.1/../../../../arm-none-eabi/lib/armv7-m\libg_nano.a(lib_a-reent.o)
 .ARM.attributes
                0x00000779       0x2d c:/program files (x86)/cypress/psoc creator/4.1/psoc creator/import/gnu/arm/5.4.1/bin/../lib/gcc/arm-none-eabi/5.4.1/armv7-m/crtend.o
 .ARM.attributes
                0x000007a6       0x1d c:/program files (x86)/cypress/psoc creator/4.1/psoc creator/import/gnu/arm/5.4.1/bin/../lib/gcc/arm-none-eabi/5.4.1/armv7-m/crtn.o

/DISCARD/
 *(.note.GNU-stack)
OUTPUT(C:\Users\Schuyler\Documents\PSoC Creator\FE5BMS\USB_Test.cydsn\ARM_GCC_541\Debug\USB_Test.elf elf32-littlearm)
